[debug] [2026-06-10T08:16:39.919Z] ----------------------------------------------------------------------
[debug] [2026-06-10T08:16:39.922Z] Command:       /usr/local/bin/firebase /Users/lukas/.cache/firebase/tools/lib/node_modules/firebase-tools/lib/bin/firebase emulators:start
[debug] [2026-06-10T08:16:39.923Z] CLI Version:   14.12.0
[debug] [2026-06-10T08:16:39.923Z] Platform:      darwin
[debug] [2026-06-10T08:16:39.923Z] Node Version:  v20.18.2
[debug] [2026-06-10T08:16:39.923Z] Time:          Wed Jun 10 2026 10:16:39 GMT+0200 (Central European Summer Time)
[debug] [2026-06-10T08:16:39.923Z] ----------------------------------------------------------------------
[debug] 
[debug] [2026-06-10T08:16:40.079Z] > command requires scopes: ["email","openid","https://www.googleapis.com/auth/cloudplatformprojects.readonly","https://www.googleapis.com/auth/firebase","https://www.googleapis.com/auth/cloud-platform"]
[debug] [2026-06-10T08:16:40.080Z] > authorizing via signed-in user (lukas.a.ketzer@gmail.com)
[info] i  emulators: Starting emulators: auth {"metadata":{"emulator":{"name":"hub"},"message":"Starting emulators: auth"}}
[debug] [2026-06-10T08:16:41.173Z] [logging] Logging Emulator only supports listening on one address (127.0.0.1). Not listening on ::1
[debug] [2026-06-10T08:16:41.173Z] [auth] Authentication Emulator only supports listening on one address (127.0.0.1). Not listening on ::1
[debug] [2026-06-10T08:16:41.173Z] assigned listening specs for emulators {"user":{"hub":[{"address":"127.0.0.1","family":"IPv4","port":4400},{"address":"::1","family":"IPv6","port":4400}],"ui":[{"address":"127.0.0.1","family":"IPv4","port":4000},{"address":"::1","family":"IPv6","port":4000}],"logging":[{"address":"127.0.0.1","family":"IPv4","port":4500}],"auth":[{"address":"127.0.0.1","family":"IPv4","port":9099}]},"metadata":{"message":"assigned listening specs for emulators"}}
[debug] [2026-06-10T08:16:41.177Z] [hub] writing locator at /var/folders/f8/v8h7sj796cxf_z725q7bzm780000gn/T/hub-devops-25c9a.json
[info] i  ui: downloading ui-v1.15.0.zip... {"metadata":{"emulator":{"name":"ui"},"message":"downloading ui-v1.15.0.zip..."}}
[debug] [2026-06-10T08:16:44.020Z] >>> [apiv2][query] GET https://storage.googleapis.com/firebase-preview-drop/emulator/ui-v1.15.0.zip 
[debug] [2026-06-10T08:16:44.139Z] <<< [apiv2][status] GET https://storage.googleapis.com/firebase-preview-drop/emulator/ui-v1.15.0.zip 200
[debug] [2026-06-10T08:16:44.140Z] <<< [apiv2][body] GET https://storage.googleapis.com/firebase-preview-drop/emulator/ui-v1.15.0.zip [stream]
[debug] [2026-06-10T08:16:44.419Z] Data is 3538469
[debug] [2026-06-10T08:16:44.420Z] [unzip] Entry: client/ (compressed_size=0 bytes, uncompressed_size=0 bytes)
[debug] [2026-06-10T08:16:44.420Z] [unzip] Processing entry: client/
[debug] [2026-06-10T08:16:44.420Z] [unzip] mkdir: /Users/lukas/.cache/firebase/emulators/ui-v1.15.0/client/
[debug] [2026-06-10T08:16:44.421Z] [unzip] Entry: client/favicon-16x16.png (compressed_size=293 bytes, uncompressed_size=293 bytes)
[debug] [2026-06-10T08:16:44.422Z] [unzip] Processing entry: client/favicon-16x16.png
[debug] [2026-06-10T08:16:44.422Z] [unzip] else mkdir: /Users/lukas/.cache/firebase/emulators/ui-v1.15.0/client
[debug] [2026-06-10T08:16:44.422Z] [unzip] Writing file: /Users/lukas/.cache/firebase/emulators/ui-v1.15.0/client/favicon-16x16.png
[debug] [2026-06-10T08:16:44.423Z] [unzip] Entry: client/safari-pinned-tab.svg (compressed_size=1433 bytes, uncompressed_size=2611 bytes)
[debug] [2026-06-10T08:16:44.423Z] [unzip] Processing entry: client/safari-pinned-tab.svg
[debug] [2026-06-10T08:16:44.423Z] [unzip] else mkdir: /Users/lukas/.cache/firebase/emulators/ui-v1.15.0/client
[debug] [2026-06-10T08:16:44.423Z] [unzip] deflating: /Users/lukas/.cache/firebase/emulators/ui-v1.15.0/client/safari-pinned-tab.svg
[debug] [2026-06-10T08:16:44.427Z] [unzip] Entry: client/favicon.ico (compressed_size=2933 bytes, uncompressed_size=13294 bytes)
[debug] [2026-06-10T08:16:44.427Z] [unzip] Processing entry: client/favicon.ico
[debug] [2026-06-10T08:16:44.427Z] [unzip] else mkdir: /Users/lukas/.cache/firebase/emulators/ui-v1.15.0/client
[debug] [2026-06-10T08:16:44.427Z] [unzip] deflating: /Users/lukas/.cache/firebase/emulators/ui-v1.15.0/client/favicon.ico
[debug] [2026-06-10T08:16:44.429Z] [unzip] Entry: client/index.html (compressed_size=1364 bytes, uncompressed_size=3071 bytes)
[debug] [2026-06-10T08:16:44.430Z] [unzip] Processing entry: client/index.html
[debug] [2026-06-10T08:16:44.430Z] [unzip] else mkdir: /Users/lukas/.cache/firebase/emulators/ui-v1.15.0/client
[debug] [2026-06-10T08:16:44.430Z] [unzip] deflating: /Users/lukas/.cache/firebase/emulators/ui-v1.15.0/client/index.html
[debug] [2026-06-10T08:16:44.432Z] [unzip] Entry: client/android-chrome-192x192.png (compressed_size=2684 bytes, uncompressed_size=2684 bytes)
[debug] [2026-06-10T08:16:44.432Z] [unzip] Processing entry: client/android-chrome-192x192.png
[debug] [2026-06-10T08:16:44.432Z] [unzip] else mkdir: /Users/lukas/.cache/firebase/emulators/ui-v1.15.0/client
[debug] [2026-06-10T08:16:44.432Z] [unzip] Writing file: /Users/lukas/.cache/firebase/emulators/ui-v1.15.0/client/android-chrome-192x192.png
[debug] [2026-06-10T08:16:44.432Z] [unzip] Entry: client/apple-touch-icon.png (compressed_size=2123 bytes, uncompressed_size=2152 bytes)
[debug] [2026-06-10T08:16:44.432Z] [unzip] Processing entry: client/apple-touch-icon.png
[debug] [2026-06-10T08:16:44.432Z] [unzip] else mkdir: /Users/lukas/.cache/firebase/emulators/ui-v1.15.0/client
[debug] [2026-06-10T08:16:44.432Z] [unzip] deflating: /Users/lukas/.cache/firebase/emulators/ui-v1.15.0/client/apple-touch-icon.png
[debug] [2026-06-10T08:16:44.433Z] [unzip] Entry: client/android-chrome-512x512.png (compressed_size=5369 bytes, uncompressed_size=5411 bytes)
[debug] [2026-06-10T08:16:44.433Z] [unzip] Processing entry: client/android-chrome-512x512.png
[debug] [2026-06-10T08:16:44.433Z] [unzip] else mkdir: /Users/lukas/.cache/firebase/emulators/ui-v1.15.0/client
[debug] [2026-06-10T08:16:44.433Z] [unzip] deflating: /Users/lukas/.cache/firebase/emulators/ui-v1.15.0/client/android-chrome-512x512.png
[debug] [2026-06-10T08:16:44.435Z] [unzip] Entry: client/manifest.json (compressed_size=245 bytes, uncompressed_size=551 bytes)
[debug] [2026-06-10T08:16:44.435Z] [unzip] Processing entry: client/manifest.json
[debug] [2026-06-10T08:16:44.435Z] [unzip] else mkdir: /Users/lukas/.cache/firebase/emulators/ui-v1.15.0/client
[debug] [2026-06-10T08:16:44.435Z] [unzip] deflating: /Users/lukas/.cache/firebase/emulators/ui-v1.15.0/client/manifest.json
[debug] [2026-06-10T08:16:44.437Z] [unzip] Entry: client/robots.txt (compressed_size=26 bytes, uncompressed_size=26 bytes)
[debug] [2026-06-10T08:16:44.437Z] [unzip] Processing entry: client/robots.txt
[debug] [2026-06-10T08:16:44.437Z] [unzip] else mkdir: /Users/lukas/.cache/firebase/emulators/ui-v1.15.0/client
[debug] [2026-06-10T08:16:44.439Z] [unzip] Writing file: /Users/lukas/.cache/firebase/emulators/ui-v1.15.0/client/robots.txt
[debug] [2026-06-10T08:16:44.439Z] [unzip] Entry: client/mstile-150x150.png (compressed_size=2034 bytes, uncompressed_size=2034 bytes)
[debug] [2026-06-10T08:16:44.439Z] [unzip] Processing entry: client/mstile-150x150.png
[debug] [2026-06-10T08:16:44.439Z] [unzip] else mkdir: /Users/lukas/.cache/firebase/emulators/ui-v1.15.0/client
[debug] [2026-06-10T08:16:44.439Z] [unzip] Writing file: /Users/lukas/.cache/firebase/emulators/ui-v1.15.0/client/mstile-150x150.png
[debug] [2026-06-10T08:16:44.439Z] [unzip] Entry: client/assets/ (compressed_size=0 bytes, uncompressed_size=0 bytes)
[debug] [2026-06-10T08:16:44.439Z] [unzip] Processing entry: client/assets/
[debug] [2026-06-10T08:16:44.439Z] [unzip] mkdir: /Users/lukas/.cache/firebase/emulators/ui-v1.15.0/client/assets/
[debug] [2026-06-10T08:16:44.440Z] [unzip] Entry: client/assets/index-BX-A56oj.js (compressed_size=582089 bytes, uncompressed_size=2092775 bytes)
[debug] [2026-06-10T08:16:44.440Z] [unzip] Processing entry: client/assets/index-BX-A56oj.js
[debug] [2026-06-10T08:16:44.440Z] [unzip] else mkdir: /Users/lukas/.cache/firebase/emulators/ui-v1.15.0/client/assets
[debug] [2026-06-10T08:16:44.440Z] [unzip] deflating: /Users/lukas/.cache/firebase/emulators/ui-v1.15.0/client/assets/index-BX-A56oj.js
[debug] [2026-06-10T08:16:44.447Z] [unzip] Entry: client/assets/index-CjB9C900.css (compressed_size=35979 bytes, uncompressed_size=298654 bytes)
[debug] [2026-06-10T08:16:44.447Z] [unzip] Processing entry: client/assets/index-CjB9C900.css
[debug] [2026-06-10T08:16:44.447Z] [unzip] else mkdir: /Users/lukas/.cache/firebase/emulators/ui-v1.15.0/client/assets
[debug] [2026-06-10T08:16:44.447Z] [unzip] deflating: /Users/lukas/.cache/firebase/emulators/ui-v1.15.0/client/assets/index-CjB9C900.css
[debug] [2026-06-10T08:16:44.450Z] [unzip] Entry: client/assets/index-BX-A56oj.js.map (compressed_size=2362482 bytes, uncompressed_size=10036679 bytes)
[debug] [2026-06-10T08:16:44.450Z] [unzip] Processing entry: client/assets/index-BX-A56oj.js.map
[debug] [2026-06-10T08:16:44.450Z] [unzip] else mkdir: /Users/lukas/.cache/firebase/emulators/ui-v1.15.0/client/assets
[debug] [2026-06-10T08:16:44.450Z] [unzip] deflating: /Users/lukas/.cache/firebase/emulators/ui-v1.15.0/client/assets/index-BX-A56oj.js.map
[debug] [2026-06-10T08:16:44.474Z] [unzip] Entry: client/assets/extensions/ (compressed_size=0 bytes, uncompressed_size=0 bytes)
[debug] [2026-06-10T08:16:44.474Z] [unzip] Processing entry: client/assets/extensions/
[debug] [2026-06-10T08:16:44.474Z] [unzip] mkdir: /Users/lukas/.cache/firebase/emulators/ui-v1.15.0/client/assets/extensions/
[debug] [2026-06-10T08:16:44.475Z] [unzip] Entry: client/assets/extensions/default-extension.png (compressed_size=1646 bytes, uncompressed_size=1657 bytes)
[debug] [2026-06-10T08:16:44.475Z] [unzip] Processing entry: client/assets/extensions/default-extension.png
[debug] [2026-06-10T08:16:44.475Z] [unzip] else mkdir: /Users/lukas/.cache/firebase/emulators/ui-v1.15.0/client/assets/extensions
[debug] [2026-06-10T08:16:44.475Z] [unzip] deflating: /Users/lukas/.cache/firebase/emulators/ui-v1.15.0/client/assets/extensions/default-extension.png
[debug] [2026-06-10T08:16:44.476Z] [unzip] Entry: client/assets/img/ (compressed_size=0 bytes, uncompressed_size=0 bytes)
[debug] [2026-06-10T08:16:44.476Z] [unzip] Processing entry: client/assets/img/
[debug] [2026-06-10T08:16:44.476Z] [unzip] mkdir: /Users/lukas/.cache/firebase/emulators/ui-v1.15.0/client/assets/img/
[debug] [2026-06-10T08:16:44.476Z] [unzip] Entry: client/assets/img/database.png (compressed_size=29449 bytes, uncompressed_size=29988 bytes)
[debug] [2026-06-10T08:16:44.476Z] [unzip] Processing entry: client/assets/img/database.png
[debug] [2026-06-10T08:16:44.476Z] [unzip] else mkdir: /Users/lukas/.cache/firebase/emulators/ui-v1.15.0/client/assets/img
[debug] [2026-06-10T08:16:44.476Z] [unzip] deflating: /Users/lukas/.cache/firebase/emulators/ui-v1.15.0/client/assets/img/database.png
[debug] [2026-06-10T08:16:44.478Z] [unzip] Entry: client/assets/provider-icons/ (compressed_size=0 bytes, uncompressed_size=0 bytes)
[debug] [2026-06-10T08:16:44.478Z] [unzip] Processing entry: client/assets/provider-icons/
[debug] [2026-06-10T08:16:44.478Z] [unzip] mkdir: /Users/lukas/.cache/firebase/emulators/ui-v1.15.0/client/assets/provider-icons/
[debug] [2026-06-10T08:16:44.478Z] [unzip] Entry: client/assets/provider-icons/auth_service_saml.svg (compressed_size=575 bytes, uncompressed_size=1226 bytes)
[debug] [2026-06-10T08:16:44.478Z] [unzip] Processing entry: client/assets/provider-icons/auth_service_saml.svg
[debug] [2026-06-10T08:16:44.478Z] [unzip] else mkdir: /Users/lukas/.cache/firebase/emulators/ui-v1.15.0/client/assets/provider-icons
[debug] [2026-06-10T08:16:44.478Z] [unzip] deflating: /Users/lukas/.cache/firebase/emulators/ui-v1.15.0/client/assets/provider-icons/auth_service_saml.svg
[debug] [2026-06-10T08:16:44.479Z] [unzip] Entry: client/assets/provider-icons/auth_service_phone.svg (compressed_size=261 bytes, uncompressed_size=414 bytes)
[debug] [2026-06-10T08:16:44.479Z] [unzip] Processing entry: client/assets/provider-icons/auth_service_phone.svg
[debug] [2026-06-10T08:16:44.479Z] [unzip] else mkdir: /Users/lukas/.cache/firebase/emulators/ui-v1.15.0/client/assets/provider-icons
[debug] [2026-06-10T08:16:44.479Z] [unzip] deflating: /Users/lukas/.cache/firebase/emulators/ui-v1.15.0/client/assets/provider-icons/auth_service_phone.svg
[debug] [2026-06-10T08:16:44.480Z] [unzip] Entry: client/assets/provider-icons/auth_service_facebook.svg (compressed_size=289 bytes, uncompressed_size=457 bytes)
[debug] [2026-06-10T08:16:44.480Z] [unzip] Processing entry: client/assets/provider-icons/auth_service_facebook.svg
[debug] [2026-06-10T08:16:44.480Z] [unzip] else mkdir: /Users/lukas/.cache/firebase/emulators/ui-v1.15.0/client/assets/provider-icons
[debug] [2026-06-10T08:16:44.480Z] [unzip] deflating: /Users/lukas/.cache/firebase/emulators/ui-v1.15.0/client/assets/provider-icons/auth_service_facebook.svg
[debug] [2026-06-10T08:16:44.481Z] [unzip] Entry: client/assets/provider-icons/auth_service_game_center.svg (compressed_size=991 bytes, uncompressed_size=3921 bytes)
[debug] [2026-06-10T08:16:44.481Z] [unzip] Processing entry: client/assets/provider-icons/auth_service_game_center.svg
[debug] [2026-06-10T08:16:44.481Z] [unzip] else mkdir: /Users/lukas/.cache/firebase/emulators/ui-v1.15.0/client/assets/provider-icons
[debug] [2026-06-10T08:16:44.481Z] [unzip] deflating: /Users/lukas/.cache/firebase/emulators/ui-v1.15.0/client/assets/provider-icons/auth_service_game_center.svg
[debug] [2026-06-10T08:16:44.482Z] [unzip] Entry: client/assets/provider-icons/auth_service_apple.svg (compressed_size=230 bytes, uncompressed_size=334 bytes)
[debug] [2026-06-10T08:16:44.482Z] [unzip] Processing entry: client/assets/provider-icons/auth_service_apple.svg
[debug] [2026-06-10T08:16:44.482Z] [unzip] else mkdir: /Users/lukas/.cache/firebase/emulators/ui-v1.15.0/client/assets/provider-icons
[debug] [2026-06-10T08:16:44.482Z] [unzip] deflating: /Users/lukas/.cache/firebase/emulators/ui-v1.15.0/client/assets/provider-icons/auth_service_apple.svg
[debug] [2026-06-10T08:16:44.482Z] [unzip] Entry: client/assets/provider-icons/auth_service_github.svg (compressed_size=466 bytes, uncompressed_size=838 bytes)
[debug] [2026-06-10T08:16:44.483Z] [unzip] Processing entry: client/assets/provider-icons/auth_service_github.svg
[debug] [2026-06-10T08:16:44.483Z] [unzip] else mkdir: /Users/lukas/.cache/firebase/emulators/ui-v1.15.0/client/assets/provider-icons
[debug] [2026-06-10T08:16:44.483Z] [unzip] deflating: /Users/lukas/.cache/firebase/emulators/ui-v1.15.0/client/assets/provider-icons/auth_service_github.svg
[debug] [2026-06-10T08:16:44.483Z] [unzip] Entry: client/assets/provider-icons/auth_service_mslive.svg (compressed_size=203 bytes, uncompressed_size=378 bytes)
[debug] [2026-06-10T08:16:44.483Z] [unzip] Processing entry: client/assets/provider-icons/auth_service_mslive.svg
[debug] [2026-06-10T08:16:44.483Z] [unzip] else mkdir: /Users/lukas/.cache/firebase/emulators/ui-v1.15.0/client/assets/provider-icons
[debug] [2026-06-10T08:16:44.483Z] [unzip] deflating: /Users/lukas/.cache/firebase/emulators/ui-v1.15.0/client/assets/provider-icons/auth_service_mslive.svg
[debug] [2026-06-10T08:16:44.484Z] [unzip] Entry: client/assets/provider-icons/auth_service_yahoo.svg (compressed_size=577 bytes, uncompressed_size=1182 bytes)
[debug] [2026-06-10T08:16:44.484Z] [unzip] Processing entry: client/assets/provider-icons/auth_service_yahoo.svg
[debug] [2026-06-10T08:16:44.484Z] [unzip] else mkdir: /Users/lukas/.cache/firebase/emulators/ui-v1.15.0/client/assets/provider-icons
[debug] [2026-06-10T08:16:44.484Z] [unzip] deflating: /Users/lukas/.cache/firebase/emulators/ui-v1.15.0/client/assets/provider-icons/auth_service_yahoo.svg
[debug] [2026-06-10T08:16:44.484Z] [unzip] Entry: client/assets/provider-icons/auth_service_twitter.svg (compressed_size=444 bytes, uncompressed_size=751 bytes)
[debug] [2026-06-10T08:16:44.484Z] [unzip] Processing entry: client/assets/provider-icons/auth_service_twitter.svg
[debug] [2026-06-10T08:16:44.484Z] [unzip] else mkdir: /Users/lukas/.cache/firebase/emulators/ui-v1.15.0/client/assets/provider-icons
[debug] [2026-06-10T08:16:44.484Z] [unzip] deflating: /Users/lukas/.cache/firebase/emulators/ui-v1.15.0/client/assets/provider-icons/auth_service_twitter.svg
[debug] [2026-06-10T08:16:44.484Z] [unzip] Entry: client/assets/provider-icons/auth_service_play_games.svg (compressed_size=565 bytes, uncompressed_size=1173 bytes)
[debug] [2026-06-10T08:16:44.484Z] [unzip] Processing entry: client/assets/provider-icons/auth_service_play_games.svg
[debug] [2026-06-10T08:16:44.484Z] [unzip] else mkdir: /Users/lukas/.cache/firebase/emulators/ui-v1.15.0/client/assets/provider-icons
[debug] [2026-06-10T08:16:44.484Z] [unzip] deflating: /Users/lukas/.cache/firebase/emulators/ui-v1.15.0/client/assets/provider-icons/auth_service_play_games.svg
[debug] [2026-06-10T08:16:44.485Z] [unzip] Entry: client/assets/provider-icons/auth_service_email.svg (compressed_size=228 bytes, uncompressed_size=326 bytes)
[debug] [2026-06-10T08:16:44.485Z] [unzip] Processing entry: client/assets/provider-icons/auth_service_email.svg
[debug] [2026-06-10T08:16:44.485Z] [unzip] else mkdir: /Users/lukas/.cache/firebase/emulators/ui-v1.15.0/client/assets/provider-icons
[debug] [2026-06-10T08:16:44.485Z] [unzip] deflating: /Users/lukas/.cache/firebase/emulators/ui-v1.15.0/client/assets/provider-icons/auth_service_email.svg
[debug] [2026-06-10T08:16:44.486Z] [unzip] Entry: client/assets/provider-icons/auth_service_google.svg (compressed_size=409 bytes, uncompressed_size=720 bytes)
[debug] [2026-06-10T08:16:44.486Z] [unzip] Processing entry: client/assets/provider-icons/auth_service_google.svg
[debug] [2026-06-10T08:16:44.486Z] [unzip] else mkdir: /Users/lukas/.cache/firebase/emulators/ui-v1.15.0/client/assets/provider-icons
[debug] [2026-06-10T08:16:44.486Z] [unzip] deflating: /Users/lukas/.cache/firebase/emulators/ui-v1.15.0/client/assets/provider-icons/auth_service_google.svg
[debug] [2026-06-10T08:16:44.486Z] [unzip] Entry: client/assets/provider-icons/auth_service_oidc.svg (compressed_size=414 bytes, uncompressed_size=858 bytes)
[debug] [2026-06-10T08:16:44.486Z] [unzip] Processing entry: client/assets/provider-icons/auth_service_oidc.svg
[debug] [2026-06-10T08:16:44.486Z] [unzip] else mkdir: /Users/lukas/.cache/firebase/emulators/ui-v1.15.0/client/assets/provider-icons
[debug] [2026-06-10T08:16:44.486Z] [unzip] deflating: /Users/lukas/.cache/firebase/emulators/ui-v1.15.0/client/assets/provider-icons/auth_service_oidc.svg
[debug] [2026-06-10T08:16:44.487Z] [unzip] Entry: client/browserconfig.xml (compressed_size=491 bytes, uncompressed_size=822 bytes)
[debug] [2026-06-10T08:16:44.487Z] [unzip] Processing entry: client/browserconfig.xml
[debug] [2026-06-10T08:16:44.487Z] [unzip] else mkdir: /Users/lukas/.cache/firebase/emulators/ui-v1.15.0/client
[debug] [2026-06-10T08:16:44.487Z] [unzip] deflating: /Users/lukas/.cache/firebase/emulators/ui-v1.15.0/client/browserconfig.xml
[debug] [2026-06-10T08:16:44.487Z] [unzip] Entry: client/favicon-32x32.png (compressed_size=475 bytes, uncompressed_size=475 bytes)
[debug] [2026-06-10T08:16:44.487Z] [unzip] Processing entry: client/favicon-32x32.png
[debug] [2026-06-10T08:16:44.487Z] [unzip] else mkdir: /Users/lukas/.cache/firebase/emulators/ui-v1.15.0/client
[debug] [2026-06-10T08:16:44.487Z] [unzip] Writing file: /Users/lukas/.cache/firebase/emulators/ui-v1.15.0/client/favicon-32x32.png
[debug] [2026-06-10T08:16:44.487Z] [unzip] Entry: server/ (compressed_size=0 bytes, uncompressed_size=0 bytes)
[debug] [2026-06-10T08:16:44.487Z] [unzip] Processing entry: server/
[debug] [2026-06-10T08:16:44.487Z] [unzip] mkdir: /Users/lukas/.cache/firebase/emulators/ui-v1.15.0/server/
[debug] [2026-06-10T08:16:44.487Z] [unzip] Entry: server/server.mjs.map (compressed_size=217845 bytes, uncompressed_size=944978 bytes)
[debug] [2026-06-10T08:16:44.488Z] [unzip] Processing entry: server/server.mjs.map
[debug] [2026-06-10T08:16:44.488Z] [unzip] else mkdir: /Users/lukas/.cache/firebase/emulators/ui-v1.15.0/server
[debug] [2026-06-10T08:16:44.488Z] [unzip] deflating: /Users/lukas/.cache/firebase/emulators/ui-v1.15.0/server/server.mjs.map
[debug] [2026-06-10T08:16:44.490Z] [unzip] Entry: server/server.mjs (compressed_size=276407 bytes, uncompressed_size=933701 bytes)
[debug] [2026-06-10T08:16:44.490Z] [unzip] Processing entry: server/server.mjs
[debug] [2026-06-10T08:16:44.490Z] [unzip] else mkdir: /Users/lukas/.cache/firebase/emulators/ui-v1.15.0/server
[debug] [2026-06-10T08:16:44.490Z] [unzip] deflating: /Users/lukas/.cache/firebase/emulators/ui-v1.15.0/server/server.mjs
[debug] [2026-06-10T08:16:44.499Z] Could not find VSCode notification endpoint: FetchError: request to http://localhost:40001/vscode/notify failed, reason: . If you are not running the Firebase Data Connect VSCode extension, this is expected and not an issue.
[info] 
┌─────────────────────────────────────────────────────────────┐
│ ✔  All emulators ready! It is now safe to connect your app. │
│ i  View Emulator UI at http://127.0.0.1:4000/               │
└─────────────────────────────────────────────────────────────┘

┌────────────────┬────────────────┬────────────────────────────┐
│ Emulator       │ Host:Port      │ View in Emulator UI        │
├────────────────┼────────────────┼────────────────────────────┤
│ Authentication │ 127.0.0.1:9099 │ http://127.0.0.1:4000/auth │
└────────────────┴────────────────┴────────────────────────────┘
  Emulator Hub host: 127.0.0.1 port: 4400
  Other reserved ports: 4500

Issues? Report them at https://github.com/firebase/firebase-tools/issues and attach the *-debug.log files.
 
